// Jest Snapshot v1, https://goo.gl/fbAQLP

exports[`App tests App snapshot 1`] = `undefined`;
